------------------------------------------------------------
Timing Analyzer Summary
------------------------------------------------------------

Type  : Slow 1200mV 85C Model Setup 'CLOCK_50'
Slack : -3.447
TNS   : -69.787

Type  : Slow 1200mV 85C Model Setup 'clock_1hz:clock|out_1hz'
Slack : -1.354
TNS   : -4.892

Type  : Slow 1200mV 85C Model Hold 'CLOCK_50'
Slack : 0.448
TNS   : 0.000

Type  : Slow 1200mV 85C Model Hold 'clock_1hz:clock|out_1hz'
Slack : 1.015
TNS   : 0.000

Type  : Slow 1200mV 85C Model Minimum Pulse Width 'CLOCK_50'
Slack : -3.000
TNS   : -37.695

Type  : Slow 1200mV 85C Model Minimum Pulse Width 'clock_1hz:clock|out_1hz'
Slack : 0.471
TNS   : 0.000

Type  : Slow 1200mV 0C Model Setup 'CLOCK_50'
Slack : -3.112
TNS   : -61.374

Type  : Slow 1200mV 0C Model Setup 'clock_1hz:clock|out_1hz'
Slack : -1.149
TNS   : -4.276

Type  : Slow 1200mV 0C Model Hold 'CLOCK_50'
Slack : 0.406
TNS   : 0.000

Type  : Slow 1200mV 0C Model Hold 'clock_1hz:clock|out_1hz'
Slack : 0.918
TNS   : 0.000

Type  : Slow 1200mV 0C Model Minimum Pulse Width 'CLOCK_50'
Slack : -3.000
TNS   : -37.695

Type  : Slow 1200mV 0C Model Minimum Pulse Width 'clock_1hz:clock|out_1hz'
Slack : 0.437
TNS   : 0.000

Type  : Fast 1200mV 0C Model Setup 'CLOCK_50'
Slack : -1.209
TNS   : -19.356

Type  : Fast 1200mV 0C Model Setup 'clock_1hz:clock|out_1hz'
Slack : -0.496
TNS   : -1.350

Type  : Fast 1200mV 0C Model Hold 'CLOCK_50'
Slack : 0.204
TNS   : 0.000

Type  : Fast 1200mV 0C Model Hold 'clock_1hz:clock|out_1hz'
Slack : 0.631
TNS   : 0.000

Type  : Fast 1200mV 0C Model Minimum Pulse Width 'CLOCK_50'
Slack : -3.000
TNS   : -38.022

Type  : Fast 1200mV 0C Model Minimum Pulse Width 'clock_1hz:clock|out_1hz'
Slack : 0.401
TNS   : 0.000

------------------------------------------------------------
